// Jest Snapshot v1, https://goo.gl/fbAQLP

exports[`Login shows login form when user is not logged in 1`] = `
Array [
  <nav
    className="nav-bar"
  >
    <span
      className="logo"
    >
      <h3
        className="bookkers"
      >
        <a
          className="link"
          href="/"
          onClick={[Function]}
        >
          ðŸ“šBookkers
        </a>
      </h3>
    </span>
    <span
      className="options"
    >
      <a
        className="link"
        href="/login"
        onClick={[Function]}
      >
        <p>
          Log in
        </p>
      </a>
      <a
        className="link"
        href="/signup"
        onClick={[Function]}
      >
        <p>
          Sign up
        </p>
      </a>
    </span>
  </nav>,
  <div>
    <div
      className="box"
    >
      <h2>
        Bienvenid@ a Bookkers
      </h2>
      <h3>
        Registrate! 
      </h3>
      <form
        action="#"
        onReset={[Function]}
        onSubmit={[Function]}
      >
        <div
          className="field"
        >
          <label
            className="texto2"
            htmlFor="firstName"
          >
            First Name: 
          </label>
          <input
            className="field2"
            name="firstName"
            onBlur={[Function]}
            onChange={[Function]}
            placeholder="Name"
            value=""
          />
        </div>
        <div
          className="field"
        >
          <label
            className="texto2"
            htmlFor="lastName"
          >
            Last Name: 
          </label>
          <input
            className="field2"
            name="lastName"
            onBlur={[Function]}
            onChange={[Function]}
            placeholder="Lastname"
            value=""
          />
        </div>
        <div
          className="field"
        >
          <label
            className="texto2"
            htmlFor="email"
          >
            Email: 
          </label>
          <input
            className="field2"
            name="email"
            onBlur={[Function]}
            onChange={[Function]}
            placeholder="Email"
            value=""
          />
        </div>
        <div
          className="field"
        >
          <label
            className="texto2"
            htmlFor="birthDay"
          >
            Birthdate: 
          </label>
          <input
            className="field2"
            name="birthDay"
            onBlur={[Function]}
            onChange={[Function]}
            placeholder="Birthdate"
            type="date"
            value=""
          />
        </div>
        <div
          className="field"
        >
          <label
            className="texto2"
            htmlFor="nickname"
          >
            Nickname: 
          </label>
          <input
            className="field2"
            name="nickname"
            onBlur={[Function]}
            onChange={[Function]}
            placeholder="nickname"
            value=""
          />
        </div>
        <div
          className="field"
        >
          <label
            className="texto2"
            htmlFor="password"
          >
            Password: 
          </label>
          <input
            className="field2"
            name="password"
            onBlur={[Function]}
            onChange={[Function]}
            placeholder="Password"
            type="password"
            value=""
          />
        </div>
        <div
          className="field"
        >
          <label
            className="texto2"
            htmlFor="passwordConfirmation"
          >
            Password Confirmation: 
          </label>
          <input
            className="field2"
            name="passwordConfirmation"
            onBlur={[Function]}
            onChange={[Function]}
            placeholder="Password Confirmation"
            type="password"
            value=""
          />
        </div>
        <div
          className="field"
        >
          <label
            className="texto2"
            htmlFor="acceptedTerms"
          >
            Accept terms and conditions?
          </label>
          <input
            checked={false}
            name="acceptedTerms"
            onBlur={[Function]}
            onChange={[Function]}
            type="checkbox"
            value={false}
          />
        </div>
        <input
          name="role"
          type="hidden"
          value="client"
        />
        <input
          name="image"
          type="hidden"
          value="https://lh3.googleusercontent.com/proxy/cgNUcNG9UpfwT5yXH-qxcAJaD62gsRXBOqLJ20_rEx0V3XA6zd7NIyFT_meaunnHXDILIULVs5mZEEhek6CuXlsvDxny3pKRIb7nPBNUSdd6w4Kz3YLnHeyF47H7"
        />
        <div
          className="actions"
        >
          <button
            className="button"
            type="submit"
          >
            Create account
          </button>
        </div>
      </form>
      <p>
        
      </p>
    </div>
  </div>,
  <footer>
    ðŸ“š Bookkers hecha por: Paula Torres, MatÃ­as FernÃ¡ndez y Marjorie BascuÃ±Ã¡n.
  </footer>,
]
`;
